// Vitest Snapshot v1, https://vitest.dev/guide/snapshot.html

exports[`Calendar Dialog Test > 스냅샷 테스트 1`] = `<DocumentFragment />`;
